// Jest Snapshot v1, https://goo.gl/fbAQLP

exports[`should render component correctly 1`] = `
ShallowWrapper {
  Symbol(enzyme.__root__): [Circular],
  Symbol(enzyme.__unrendered__): <CartDesign />,
  Symbol(enzyme.__renderer__): Object {
    "batchedUpdates": [Function],
    "getNode": [Function],
    "render": [Function],
    "simulateEvent": [Function],
    "unmount": [Function],
  },
  Symbol(enzyme.__node__): Object {
    "instance": null,
    "key": undefined,
    "nodeType": "host",
    "props": Object {
      "children": <div
        className="row"
>
        <div
                className="col-12"
        >
                <div
                        className="card"
                >
                        <div
                                className="card-body"
                        >
                                <h1
                                        className="text-center"
                                >
                                        Welcome to our cart page
                                </h1>
                        </div>
                </div>
        </div>
</div>,
      "className": "container",
    },
    "ref": null,
    "rendered": Object {
      "instance": null,
      "key": undefined,
      "nodeType": "host",
      "props": Object {
        "children": <div
          className="col-12"
>
          <div
                    className="card"
          >
                    <div
                              className="card-body"
                    >
                              <h1
                                        className="text-center"
                              >
                                        Welcome to our cart page
                              </h1>
                    </div>
          </div>
</div>,
        "className": "row",
      },
      "ref": null,
      "rendered": Object {
        "instance": null,
        "key": undefined,
        "nodeType": "host",
        "props": Object {
          "children": <div
            className="card"
>
            <div
                        className="card-body"
            >
                        <h1
                                    className="text-center"
                        >
                                    Welcome to our cart page
                        </h1>
            </div>
</div>,
          "className": "col-12",
        },
        "ref": null,
        "rendered": Object {
          "instance": null,
          "key": undefined,
          "nodeType": "host",
          "props": Object {
            "children": <div
              className="card-body"
>
              <h1
                            className="text-center"
              >
                            Welcome to our cart page
              </h1>
</div>,
            "className": "card",
          },
          "ref": null,
          "rendered": Object {
            "instance": null,
            "key": undefined,
            "nodeType": "host",
            "props": Object {
              "children": <h1
                className="text-center"
>
                Welcome to our cart page
</h1>,
              "className": "card-body",
            },
            "ref": null,
            "rendered": Object {
              "instance": null,
              "key": undefined,
              "nodeType": "host",
              "props": Object {
                "children": "Welcome to our cart page",
                "className": "text-center",
              },
              "ref": null,
              "rendered": "Welcome to our cart page",
              "type": "h1",
            },
            "type": "div",
          },
          "type": "div",
        },
        "type": "div",
      },
      "type": "div",
    },
    "type": "div",
  },
  Symbol(enzyme.__nodes__): Array [
    Object {
      "instance": null,
      "key": undefined,
      "nodeType": "host",
      "props": Object {
        "children": <div
          className="row"
>
          <div
                    className="col-12"
          >
                    <div
                              className="card"
                    >
                              <div
                                        className="card-body"
                              >
                                        <h1
                                                  className="text-center"
                                        >
                                                  Welcome to our cart page
                                        </h1>
                              </div>
                    </div>
          </div>
</div>,
        "className": "container",
      },
      "ref": null,
      "rendered": Object {
        "instance": null,
        "key": undefined,
        "nodeType": "host",
        "props": Object {
          "children": <div
            className="col-12"
>
            <div
                        className="card"
            >
                        <div
                                    className="card-body"
                        >
                                    <h1
                                                className="text-center"
                                    >
                                                Welcome to our cart page
                                    </h1>
                        </div>
            </div>
</div>,
          "className": "row",
        },
        "ref": null,
        "rendered": Object {
          "instance": null,
          "key": undefined,
          "nodeType": "host",
          "props": Object {
            "children": <div
              className="card"
>
              <div
                            className="card-body"
              >
                            <h1
                                          className="text-center"
                            >
                                          Welcome to our cart page
                            </h1>
              </div>
</div>,
            "className": "col-12",
          },
          "ref": null,
          "rendered": Object {
            "instance": null,
            "key": undefined,
            "nodeType": "host",
            "props": Object {
              "children": <div
                className="card-body"
>
                <h1
                                className="text-center"
                >
                                Welcome to our cart page
                </h1>
</div>,
              "className": "card",
            },
            "ref": null,
            "rendered": Object {
              "instance": null,
              "key": undefined,
              "nodeType": "host",
              "props": Object {
                "children": <h1
                  className="text-center"
>
                  Welcome to our cart page
</h1>,
                "className": "card-body",
              },
              "ref": null,
              "rendered": Object {
                "instance": null,
                "key": undefined,
                "nodeType": "host",
                "props": Object {
                  "children": "Welcome to our cart page",
                  "className": "text-center",
                },
                "ref": null,
                "rendered": "Welcome to our cart page",
                "type": "h1",
              },
              "type": "div",
            },
            "type": "div",
          },
          "type": "div",
        },
        "type": "div",
      },
      "type": "div",
    },
  ],
  Symbol(enzyme.__options__): Object {
    "adapter": ReactSixteenAdapter {
      "options": Object {
        "enableComponentDidUpdateOnSetState": true,
        "lifecycles": Object {
          "componentDidUpdate": Object {
            "onSetState": true,
          },
          "getSnapshotBeforeUpdate": true,
        },
      },
    },
    "attachTo": undefined,
    "hydrateIn": undefined,
  },
}
`;
