// Jest Snapshot v1, https://goo.gl/fbAQLP

exports[`should render NotFoundPage correctly 1`] = `
ShallowWrapper {
  Symbol(enzyme.__root__): [Circular],
  Symbol(enzyme.__unrendered__): <NotFoundPage />,
  Symbol(enzyme.__renderer__): Object {
    "batchedUpdates": [Function],
    "getNode": [Function],
    "render": [Function],
    "simulateEvent": [Function],
    "unmount": [Function],
  },
  Symbol(enzyme.__node__): Object {
    "instance": null,
    "key": undefined,
    "nodeType": "host",
    "props": Object {
      "children": Array [
        <Header />,
        <div
          className="container"
>
          <div
                    className="row"
          >
                    <div
                              className="col-12"
                    >
                              <div
                                        className="adjust-height"
                              >
                                        <h3
                                                  className="text-center"
                                        >
                                                  Opps Error, Page not found.
                                        </h3>
                                        <Link
                                                  replace={false}
                                                  to="/"
                                        >
                                                  <p
                                                            className="text-center"
                                                  >
                                                            Go Home
                                                  </p>
                                        </Link>
                              </div>
                    </div>
          </div>
</div>,
        <DashboardFooter />,
      ],
    },
    "ref": null,
    "rendered": Array [
      Object {
        "instance": null,
        "key": undefined,
        "nodeType": "function",
        "props": Object {},
        "ref": null,
        "rendered": null,
        "type": [Function],
      },
      Object {
        "instance": null,
        "key": undefined,
        "nodeType": "host",
        "props": Object {
          "children": <div
            className="row"
>
            <div
                        className="col-12"
            >
                        <div
                                    className="adjust-height"
                        >
                                    <h3
                                                className="text-center"
                                    >
                                                Opps Error, Page not found.
                                    </h3>
                                    <Link
                                                replace={false}
                                                to="/"
                                    >
                                                <p
                                                            className="text-center"
                                                >
                                                            Go Home
                                                </p>
                                    </Link>
                        </div>
            </div>
</div>,
          "className": "container",
        },
        "ref": null,
        "rendered": Object {
          "instance": null,
          "key": undefined,
          "nodeType": "host",
          "props": Object {
            "children": <div
              className="col-12"
>
              <div
                            className="adjust-height"
              >
                            <h3
                                          className="text-center"
                            >
                                          Opps Error, Page not found.
                            </h3>
                            <Link
                                          replace={false}
                                          to="/"
                            >
                                          <p
                                                        className="text-center"
                                          >
                                                        Go Home
                                          </p>
                            </Link>
              </div>
</div>,
            "className": "row",
          },
          "ref": null,
          "rendered": Object {
            "instance": null,
            "key": undefined,
            "nodeType": "host",
            "props": Object {
              "children": <div
                className="adjust-height"
>
                <h3
                                className="text-center"
                >
                                Opps Error, Page not found.
                </h3>
                <Link
                                replace={false}
                                to="/"
                >
                                <p
                                                className="text-center"
                                >
                                                Go Home
                                </p>
                </Link>
</div>,
              "className": "col-12",
            },
            "ref": null,
            "rendered": Object {
              "instance": null,
              "key": undefined,
              "nodeType": "host",
              "props": Object {
                "children": Array [
                  <h3
                    className="text-center"
>
                    Opps Error, Page not found.
</h3>,
                  <Link
                    replace={false}
                    to="/"
>
                    <p
                                        className="text-center"
                    >
                                        Go Home
                    </p>
</Link>,
                ],
                "className": "adjust-height",
              },
              "ref": null,
              "rendered": Array [
                Object {
                  "instance": null,
                  "key": undefined,
                  "nodeType": "host",
                  "props": Object {
                    "children": "Opps Error, Page not found.",
                    "className": "text-center",
                  },
                  "ref": null,
                  "rendered": "Opps Error, Page not found.",
                  "type": "h3",
                },
                Object {
                  "instance": null,
                  "key": undefined,
                  "nodeType": "class",
                  "props": Object {
                    "children": <p
                      className="text-center"
>
                      Go Home
</p>,
                    "replace": false,
                    "to": "/",
                  },
                  "ref": null,
                  "rendered": Object {
                    "instance": null,
                    "key": undefined,
                    "nodeType": "host",
                    "props": Object {
                      "children": "Go Home",
                      "className": "text-center",
                    },
                    "ref": null,
                    "rendered": "Go Home",
                    "type": "p",
                  },
                  "type": [Function],
                },
              ],
              "type": "div",
            },
            "type": "div",
          },
          "type": "div",
        },
        "type": "div",
      },
      Object {
        "instance": null,
        "key": undefined,
        "nodeType": "function",
        "props": Object {},
        "ref": null,
        "rendered": null,
        "type": [Function],
      },
    ],
    "type": "div",
  },
  Symbol(enzyme.__nodes__): Array [
    Object {
      "instance": null,
      "key": undefined,
      "nodeType": "host",
      "props": Object {
        "children": Array [
          <Header />,
          <div
            className="container"
>
            <div
                        className="row"
            >
                        <div
                                    className="col-12"
                        >
                                    <div
                                                className="adjust-height"
                                    >
                                                <h3
                                                            className="text-center"
                                                >
                                                            Opps Error, Page not found.
                                                </h3>
                                                <Link
                                                            replace={false}
                                                            to="/"
                                                >
                                                            <p
                                                                        className="text-center"
                                                            >
                                                                        Go Home
                                                            </p>
                                                </Link>
                                    </div>
                        </div>
            </div>
</div>,
          <DashboardFooter />,
        ],
      },
      "ref": null,
      "rendered": Array [
        Object {
          "instance": null,
          "key": undefined,
          "nodeType": "function",
          "props": Object {},
          "ref": null,
          "rendered": null,
          "type": [Function],
        },
        Object {
          "instance": null,
          "key": undefined,
          "nodeType": "host",
          "props": Object {
            "children": <div
              className="row"
>
              <div
                            className="col-12"
              >
                            <div
                                          className="adjust-height"
                            >
                                          <h3
                                                        className="text-center"
                                          >
                                                        Opps Error, Page not found.
                                          </h3>
                                          <Link
                                                        replace={false}
                                                        to="/"
                                          >
                                                        <p
                                                                      className="text-center"
                                                        >
                                                                      Go Home
                                                        </p>
                                          </Link>
                            </div>
              </div>
</div>,
            "className": "container",
          },
          "ref": null,
          "rendered": Object {
            "instance": null,
            "key": undefined,
            "nodeType": "host",
            "props": Object {
              "children": <div
                className="col-12"
>
                <div
                                className="adjust-height"
                >
                                <h3
                                                className="text-center"
                                >
                                                Opps Error, Page not found.
                                </h3>
                                <Link
                                                replace={false}
                                                to="/"
                                >
                                                <p
                                                                className="text-center"
                                                >
                                                                Go Home
                                                </p>
                                </Link>
                </div>
</div>,
              "className": "row",
            },
            "ref": null,
            "rendered": Object {
              "instance": null,
              "key": undefined,
              "nodeType": "host",
              "props": Object {
                "children": <div
                  className="adjust-height"
>
                  <h3
                                    className="text-center"
                  >
                                    Opps Error, Page not found.
                  </h3>
                  <Link
                                    replace={false}
                                    to="/"
                  >
                                    <p
                                                      className="text-center"
                                    >
                                                      Go Home
                                    </p>
                  </Link>
</div>,
                "className": "col-12",
              },
              "ref": null,
              "rendered": Object {
                "instance": null,
                "key": undefined,
                "nodeType": "host",
                "props": Object {
                  "children": Array [
                    <h3
                      className="text-center"
>
                      Opps Error, Page not found.
</h3>,
                    <Link
                      replace={false}
                      to="/"
>
                      <p
                                            className="text-center"
                      >
                                            Go Home
                      </p>
</Link>,
                  ],
                  "className": "adjust-height",
                },
                "ref": null,
                "rendered": Array [
                  Object {
                    "instance": null,
                    "key": undefined,
                    "nodeType": "host",
                    "props": Object {
                      "children": "Opps Error, Page not found.",
                      "className": "text-center",
                    },
                    "ref": null,
                    "rendered": "Opps Error, Page not found.",
                    "type": "h3",
                  },
                  Object {
                    "instance": null,
                    "key": undefined,
                    "nodeType": "class",
                    "props": Object {
                      "children": <p
                        className="text-center"
>
                        Go Home
</p>,
                      "replace": false,
                      "to": "/",
                    },
                    "ref": null,
                    "rendered": Object {
                      "instance": null,
                      "key": undefined,
                      "nodeType": "host",
                      "props": Object {
                        "children": "Go Home",
                        "className": "text-center",
                      },
                      "ref": null,
                      "rendered": "Go Home",
                      "type": "p",
                    },
                    "type": [Function],
                  },
                ],
                "type": "div",
              },
              "type": "div",
            },
            "type": "div",
          },
          "type": "div",
        },
        Object {
          "instance": null,
          "key": undefined,
          "nodeType": "function",
          "props": Object {},
          "ref": null,
          "rendered": null,
          "type": [Function],
        },
      ],
      "type": "div",
    },
  ],
  Symbol(enzyme.__options__): Object {
    "adapter": ReactSixteenAdapter {
      "options": Object {
        "enableComponentDidUpdateOnSetState": true,
        "lifecycles": Object {
          "componentDidUpdate": Object {
            "onSetState": true,
          },
          "getSnapshotBeforeUpdate": true,
        },
      },
    },
    "attachTo": undefined,
    "hydrateIn": undefined,
  },
}
`;
